Traceback (most recent call last):
  File "C:\Users\user\Documents\TiktokBot\tradingview_pilot.py", line 463, in <module>
    raise SystemExit(main(sys.argv))
                     ^^^^^^^^^^^^^^
  File "C:\Users\user\Documents\TiktokBot\tradingview_pilot.py", line 458, in main
    speak=not a.no_speak).run()
                          ^^^^^
  File "C:\Users\user\Documents\TiktokBot\tradingview_pilot.py", line 424, in run
    self.start()
  File "C:\Users\user\Documents\TiktokBot\tradingview_pilot.py", line 185, in start
    self._ctx = self._pw.chromium.launch_persistent_context(
                ^^^^^^^^^^^^^^^^^^^^^^^^^^^^^^^^^^^^^^^^^^^^
  File "C:\Users\user\AppData\Local\Programs\Python\Python311\Lib\site-packages\playwright\sync_api\_generated.py", line 16570, in launch_persistent_context
    self._sync(
  File "C:\Users\user\AppData\Local\Programs\Python\Python311\Lib\site-packages\playwright\_impl\_sync_base.py", line 115, in _sync
    return task.result()
           ^^^^^^^^^^^^^
  File "C:\Users\user\AppData\Local\Programs\Python\Python311\Lib\site-packages\playwright\_impl\_browser_type.py", line 166, in launch_persistent_context
    result = await self._channel.send_return_as_dict(
             ^^^^^^^^^^^^^^^^^^^^^^^^^^^^^^^^^^^^^^^^
  File "C:\Users\user\AppData\Local\Programs\Python\Python311\Lib\site-packages\playwright\_impl\_connection.py", line 83, in send_return_as_dict
    return await self._connection.wrap_api_call(
           ^^^^^^^^^^^^^^^^^^^^^^^^^^^^^^^^^^^^^
  File "C:\Users\user\AppData\Local\Programs\Python\Python311\Lib\site-packages\playwright\_impl\_connection.py", line 559, in wrap_api_call
    raise rewrite_error(error, f"{parsed_st['apiName']}: {error}") from None
playwright._impl._errors.Error: BrowserType.launch_persistent_context: Opening in existing browser session. This usually means that the profile is already in use by another instance of Chromium.
Call log:
  - <launching> C:\Users\user\AppData\Local\ms-playwright\chromium-1223\chrome-win64\chrome.exe --disable-field-trial-config --disable-background-networking --disable-background-timer-throttling --disable-backgrounding-occluded-windows --disable-back-forward-cache --disable-breakpad --disable-client-side-phishing-detection --disable-component-extensions-with-background-pages --disable-component-update --no-default-browser-check --disable-default-apps --disable-dev-shm-usage --disable-edgeupdater --disable-extensions --disable-features=AvoidUnnecessaryBeforeUnloadCheckSync,BoundaryEventDispatchTracksNodeRemoval,DestroyProfileOnBrowserClose,DialMediaRouteProvider,GlobalMediaControls,HttpsUpgrades,LensOverlay,MediaRouter,PaintHolding,ThirdPartyStoragePartitioning,Translate,AutoDeElevate,RenderDocument,OptimizationHints,msForceBrowserSignIn,msEdgeUpdateLaunchServicesPreferredVersion --enable-features=CDPScreenshotNewSurface --allow-pre-commit-input --disable-hang-monitor --disable-ipc-flooding-protection --disable-popup-blocking --disable-prompt-on-repost --disable-renderer-backgrounding --force-color-profile=srgb --metrics-recording-only --no-first-run --password-store=basic --use-mock-keychain --no-service-autorun --export-tagged-pdf --disable-search-engine-choice-screen --unsafely-disable-devtools-self-xss-warnings --edge-skip-compat-layer-relaunch --disable-infobars --disable-search-engine-choice-screen --disable-sync --enable-unsafe-swiftshader --no-sandbox --start-maximized --disable-blink-features=AutomationControlled --user-data-dir=C:\Users\user\Documents\TiktokBot\.tv_profile --remote-debugging-pipe about:blank
  - <launched> pid=42792
  - [pid=42792][out] Opening in existing browser session.
  - [pid=42792] <gracefully close start>
  - [pid=42792] <kill>
  - [pid=42792] <will force kill>
  - [pid=42792] taskkill stderr: ERROR: The process "42792" not found.
  - [pid=42792] <process did exit: exitCode=0, signal=null>
  - [pid=42792] starting temporary directories cleanup
  - [pid=42792] finished temporary directories cleanup
  - [pid=42792] <gracefully close end>

C:\Users\user\Documents\TiktokBot\engines\auto_config.py:62: UserWarning: expandable_segments not supported on this platform (Triggered internally at C:\actions-runner\_work\pytorch\pytorch\pytorch\c10/cuda/CUDAAllocatorConfig.h:39.)
  a = torch.randn(n, n, device=dev, dtype=torch.float16)
INFO: Created TensorFlow Lite XNNPACK delegate for CPU.
WARNING: All log messages before absl::InitializeLog() is called are written to STDERR
W0000 00:00:1781246177.319434   13940 inference_feedback_manager.cc:114] Feedback manager requires a model with a single signature inference. Disabling support for feedback tensors.
C:\Users\user\Documents\TiktokBot\ai-face\Wav2Lip\audio.py:18: FutureWarning: In the future `np.bool` will be defined as the corresponding NumPy scalar.
  if not hasattr(np, "bool"):
[transformers] Model config: bos_token_id must be `None` or an integer within the vocabulary (between 0 and 255), got 50256. This may result in unexpected behavior.
[transformers] Model config: eos_token_id must be `None` or an integer within the vocabulary (between 0 and 255), got 50256. This may result in unexpected behavior.
[transformers] Model config: bos_token_id must be `None` or an integer within the vocabulary (between 0 and 607), got 50256. This may result in unexpected behavior.
[transformers] Model config: eos_token_id must be `None` or an integer within the vocabulary (between 0 and 607), got 50256. This may result in unexpected behavior.
